warning: unnecessary parentheses around function argument
  --> 564.rs:16:9
   |
16 |         (1i32 == 1i32) ==> true
   |         ^            ^
   |
   = note: `#[warn(unused_parens)]` on by default
help: remove these parentheses
   |
16 -         (1i32 == 1i32) ==> true
16 +         1i32 == 1i32 ==> true
   |

warning: 1 warning emitted

