warning: function `set_max` is never used
  --> vcgen.rs:10:15
   |
10 | pub(crate) fn set_max(s: FSet<Int>) -> Int {
   |               ^^^^^^^
   |
   = note: `#[warn(dead_code)]` on by default

Adding {Ident("x"): Var(Ident("x"))}
Adding {Ident("s"): Var(Ident("s_1"))}
Adding {Ident("rec'"): Var(Ident("rec'"))}
warning: 1 warning emitted

