thread 'rustc' panicked at creusot/src/backend/term.rs:393:14:
internal error: entered unreachable code: Div Logic
note: run with `RUST_BACKTRACE=1` environment variable to display a backtrace

note: Creusot has panic-ed!
  |
  = note: Oops, that shouldn't have happened, sorry about that.
  = note: Please report this bug over here: https://github.com/xldenis/creusot/issues/new

