warning: unused variable: `x`
  --> 05_pearlite.rs:39:9
   |
39 |     let x = ghost! { pearlite! { |a : u32| a  } };
   |         ^ help: if this is intentional, prefix it with an underscore: `_x`
   |
   = note: `#[warn(unused_variables)]` on by default

warning: unused variable: `x`
  --> 05_pearlite.rs:42:25
   |
42 | pub fn pearlite_closure(x: Ghost<Mapping<u32, bool>>) {}
   |                         ^ help: if this is intentional, prefix it with an underscore: `_x`

warning: unused variable: `a`
  --> 05_pearlite.rs:45:44
   |
45 |     pearlite_closure(ghost! { pearlite! { |a| true }});
   |                                            ^ help: if this is intentional, prefix it with an underscore: `_a`

warning: 3 warnings emitted

