module Type
  use Ref
  use mach.int.Int
  use prelude.Int8
  use prelude.Int16
  use mach.int.Int32
  use mach.int.Int64
  use prelude.UInt8
  use prelude.UInt16
  use mach.int.UInt32
  use mach.int.UInt64
  use string.Char
  use floating_point.Single
  use floating_point.Double
  use prelude.Prelude
end
module CreusotContracts_Logic_Model_Model_ModelTy
  type self
  type modelTy
end
module CreusotContracts_Logic_Model_Model_Model_Interface
  type self
  clone CreusotContracts_Logic_Model_Model_ModelTy as ModelTy0 with type self = self
  function model (self : self) : ModelTy0.modelTy
end
module CreusotContracts_Logic_Model_Model_Model
  type self
  clone CreusotContracts_Logic_Model_Model_ModelTy as ModelTy0 with type self = self
  function model (self : self) : ModelTy0.modelTy
end
module CreusotContracts_Logic_Model_Impl0_Model_Interface
  type t
  use prelude.Prelude
  clone CreusotContracts_Logic_Model_Model_ModelTy as ModelTy0 with type self = t
  function model (self : t) : ModelTy0.modelTy
end
module CreusotContracts_Logic_Model_Impl0_Model
  type t
  use prelude.Prelude
  clone CreusotContracts_Logic_Model_Model_ModelTy as ModelTy0 with type self = t
  clone CreusotContracts_Logic_Model_Model_Model_Interface as Model0 with type self = t,
  type ModelTy0.modelTy = ModelTy0.modelTy
  function model (self : t) : ModelTy0.modelTy = 
    Model0.model self
end
module Core_Cmp_PartialEq_Eq_Interface
  type self
  type rhs
  use prelude.Prelude
  clone CreusotContracts_Logic_Model_Model_ModelTy as ModelTy0 with type self = self
  clone CreusotContracts_Logic_Model_Impl0_Model_Interface as Model1 with type t = rhs,
  type ModelTy0.modelTy = ModelTy0.modelTy
  clone CreusotContracts_Logic_Model_Impl0_Model_Interface as Model0 with type t = self,
  type ModelTy0.modelTy = ModelTy0.modelTy
  val eq [@cfg:stackify] (self : self) (other : rhs) : bool
    ensures { Model0.model self = Model1.model other }
    
end
module Core_Cmp_PartialEq_Eq
  type self
  type rhs
  use prelude.Prelude
  clone CreusotContracts_Logic_Model_Model_ModelTy as ModelTy0 with type self = self
  clone CreusotContracts_Logic_Model_Impl0_Model_Interface as Model1 with type t = rhs,
  type ModelTy0.modelTy = ModelTy0.modelTy
  clone CreusotContracts_Logic_Model_Impl0_Model_Interface as Model0 with type t = self,
  type ModelTy0.modelTy = ModelTy0.modelTy
  val eq [@cfg:stackify] (self : self) (other : rhs) : bool
    ensures { Model0.model self = Model1.model other }
    
end
module Core_Cmp_PartialEq_Ne_Interface
  type self
  type rhs
  use prelude.Prelude
  val ne [@cfg:stackify] (self : self) (other : rhs) : bool
    requires {false}
    
end
module Core_Cmp_PartialEq_Ne
  type self
  type rhs
  use prelude.Prelude
  val ne [@cfg:stackify] (self : self) (other : rhs) : bool
    requires {false}
    
end
module CreusotContracts_Logic_Resolve_Resolve_Resolve_Interface
  type self
  predicate resolve (self : self)
end
module CreusotContracts_Logic_Resolve_Resolve_Resolve
  type self
  predicate resolve (self : self)
end
module CreusotContracts_Logic_Model_Impl0_ModelTy
  type t
  clone CreusotContracts_Logic_Model_Model_ModelTy as ModelTy0 with type self = t
  type modelTy  = 
    ModelTy0.modelTy
end
module CreusotContracts_Logic_Model_Impl0
  type t
  use prelude.Prelude
  clone CreusotContracts_Logic_Model_Model_ModelTy as ModelTy2 with type self = t
  clone CreusotContracts_Logic_Model_Model_Model as Model2 with type self = t, type ModelTy0.modelTy = ModelTy2.modelTy
  clone CreusotContracts_Logic_Model_Impl0_Model as Model0 with type t = t, type ModelTy0.modelTy = ModelTy2.modelTy,
  function Model0.model = Model2.model
  clone CreusotContracts_Logic_Model_Impl0_ModelTy as ModelTy0 with type t = t, type ModelTy0.modelTy = ModelTy2.modelTy
  clone CreusotContracts_Logic_Model_Model_Model as Model1 with type self = t, function model = Model0.model,
  type ModelTy0.modelTy = ModelTy0.modelTy
  clone CreusotContracts_Logic_Model_Model_ModelTy as ModelTy1 with type self = t, type modelTy = ModelTy0.modelTy
end
module EqExtern_UseEq_Interface
  type u
  type t
  val use_eq [@cfg:stackify] (a : t) (b : u) : ()
end
module EqExtern_UseEq
  type u
  type t
  use prelude.Prelude
  clone CreusotContracts_Logic_Resolve_Resolve_Resolve as Resolve1 with type self = t
  clone CreusotContracts_Logic_Resolve_Resolve_Resolve as Resolve0 with type self = u
  clone CreusotContracts_Logic_Model_Model_ModelTy as ModelTy0 with type self = u
  clone CreusotContracts_Logic_Model_Model_Model as Model3 with type self = u, type ModelTy0.modelTy = ModelTy0.modelTy
  clone CreusotContracts_Logic_Model_Impl0_Model as Model1 with type t = u, type ModelTy0.modelTy = ModelTy0.modelTy,
  function Model0.model = Model3.model
  clone CreusotContracts_Logic_Model_Model_Model as Model2 with type self = t, type ModelTy0.modelTy = ModelTy0.modelTy
  clone CreusotContracts_Logic_Model_Impl0_Model as Model0 with type t = t, type ModelTy0.modelTy = ModelTy0.modelTy,
  function Model0.model = Model2.model
  clone Core_Cmp_PartialEq_Eq_Interface as Eq0 with type self = t, type rhs = u, function Model0.model = Model0.model,
  function Model1.model = Model1.model, type ModelTy0.modelTy = ModelTy0.modelTy
  let rec cfg use_eq [@cfg:stackify] (a : t) (b : u) : () = 
  var _0 : ();
  var a_1 : t;
  var b_2 : u;
  var _3 : bool;
  var _4 : t;
  var _5 : u;
  {
    a_1 <- a;
    b_2 <- b;
    goto BB0
  }
  BB0 {
    _4 <- a_1;
    _5 <- b_2;
    _3 <- Eq0.eq _4 _5;
    goto BB1
  }
  BB1 {
    _0 <- ();
    goto BB2
  }
  BB2 {
    assume { Resolve0.resolve b_2 };
    goto BB3
  }
  BB3 {
    assume { Resolve1.resolve a_1 };
    return _0
  }
  
end
