warning: unnecessary parentheses around function argument
  --> hillel.rs:44:22
   |
44 |         c = ghost! { (1 + c.inner()) };
   |                      ^             ^
   |
   = note: `#[warn(unused_parens)]` on by default
help: remove these parentheses
   |
44 -         c = ghost! { (1 + c.inner()) };
44 +         c = ghost! { 1 + c.inner() };
   |

warning: 1 warning emitted

