module Type
  use Ref
  use mach.int.Int
  use mach.int.Int32
  use mach.int.Int64
  use mach.int.UInt32
  use mach.int.UInt64
  use string.Char
  use floating_point.Single
  use floating_point.Double
  use prelude.Prelude
end
module LogicFunctions_Nested_Logical
  let rec function logical () : bool = 
    true
end
module LogicFunctions_Logical
  let rec function logical () : bool = 
    false
end
module LogicFunctions_Main
  clone LogicFunctions_Logical as Logical0
  let rec cfg main () : ()
    ensures { Logical0.logical () }
    
   = 
  var _0 : ();
  {
    goto BB0
  }
  BB0 {
    _0 <- ();
    return _0
  }
  
end
