module Type
  use Ref
  use mach.int.Int
  use mach.int.Int32
  use mach.int.Int64
  use mach.int.UInt32
  use mach.int.UInt64
  use string.Char
  use floating_point.Single
  use floating_point.Double
  use prelude.Prelude
  type modulepaths_a_t  = 
    | ModulePaths_A_T(uint32)
    
  predicate drop_modulepaths_a_t (self : modulepaths_a_t) = 
    let ModulePaths_A_T(a) = self in drop_uint a
  type modulepaths_b_c_t  = 
    | ModulePaths_B_C_T(modulepaths_a_t)
    
  predicate drop_modulepaths_b_c_t (self : modulepaths_b_c_t) = 
    let ModulePaths_B_C_T(a) = self in drop_modulepaths_a_t a
  type modulepaths_s  = 
    | ModulePaths_S(modulepaths_a_t)
    
  predicate drop_modulepaths_s (self : modulepaths_s) = 
    let ModulePaths_S(a) = self in drop_modulepaths_a_t a
  type modulepaths_b_o  = 
    | ModulePaths_B_O(uint32)
    
  predicate drop_modulepaths_b_o (self : modulepaths_b_o) = 
    let ModulePaths_B_O(a) = self in drop_uint a
end
module ModulePaths_Test
  use Ref
  use mach.int.Int
  use mach.int.Int32
  use mach.int.Int64
  use mach.int.UInt32
  use mach.int.UInt64
  use string.Char
  use floating_point.Single
  use floating_point.Double
  use prelude.Prelude
  use Type
  let rec cfg impl (o_a_1 : Type.modulepaths_a_t) (o_b_2 : Type.modulepaths_s) (o_c_3 : Type.modulepaths_b_o) (o_d_4 : Type.modulepaths_b_c_t) : ()
    
   = 
  var _0 : ();
  var a_1 : Type.modulepaths_a_t;
  var b_2 : Type.modulepaths_s;
  var c_3 : Type.modulepaths_b_o;
  var d_4 : Type.modulepaths_b_c_t;
  {
    a_1 <- o_a_1;
    b_2 <- o_b_2;
    c_3 <- o_c_3;
    d_4 <- o_d_4;
    goto BB0
  }
  BB0 {
    _0 <- ();
    assume { Type.drop_modulepaths_a_t a_1 };
    assume { Type.drop_modulepaths_s b_2 };
    assume { Type.drop_modulepaths_b_o c_3 };
    assume { Type.drop_modulepaths_b_c_t d_4 };
    return _0
  }
  
end
module ModulePaths_Main
  use Ref
  use mach.int.Int
  use mach.int.Int32
  use mach.int.Int64
  use mach.int.UInt32
  use mach.int.UInt64
  use string.Char
  use floating_point.Single
  use floating_point.Double
  use prelude.Prelude
  use Type
  let rec cfg impl () : () = 
  var _0 : ();
  {
    goto BB0
  }
  BB0 {
    _0 <- ();
    return _0
  }
  
end
