warning: support for string types is partial and experimental, expect to encounter limitations.

warning: support for string types is partial and experimental, expect to encounter limitations.
  --> option.rs:15:25
   |
15 |     assert!(some.expect("failed") == 1);
   |                         ^^^^^^^^

warning: 2 warnings emitted

