warning: support for string types is limited and experimental
 --> printing.rs:5:12
  |
5 |     print!("Hello ");
  |            ^^^^^^^^
  |
  = note: `#[warn(creusot::experimental)]` on by default

warning: support for string types is limited and experimental
 --> printing.rs:6:14
  |
6 |     println!("world!");
  |              ^^^^^^^^

warning: support for string types is limited and experimental
 --> printing.rs:7:13
  |
7 |     eprint!("Hello ");
  |             ^^^^^^^^

warning: support for string types is limited and experimental
 --> printing.rs:8:15
  |
8 |     eprintln!("stderr!");
  |               ^^^^^^^^^

warning: 4 warnings emitted

