module Type
  use Ref
  use mach.int.Int
  use mach.int.Int32
  use mach.int.Int64
  use mach.int.UInt32
  use mach.int.UInt64
  use string.Char
  use floating_point.Single
  use floating_point.Double
  use prelude.Prelude
  type core_option_option 't = 
    | Core_Option_Option_None
    | Core_Option_Option_Some('t)
    
  type core_cmp_ordering  = 
    | Core_Cmp_Ordering_Less
    | Core_Cmp_Ordering_Equal
    | Core_Cmp_Ordering_Greater
    
end
module Core_Marker_Sized
  use Ref
  use mach.int.Int
  use mach.int.Int32
  use mach.int.Int64
  use mach.int.UInt32
  use mach.int.UInt64
  use string.Char
  use floating_point.Single
  use floating_point.Double
  use prelude.Prelude
  use Type
  type self   
end
module Trait_TraitWParams
  use Ref
  use mach.int.Int
  use mach.int.Int32
  use mach.int.Int64
  use mach.int.UInt32
  use mach.int.UInt64
  use string.Char
  use floating_point.Single
  use floating_point.Double
  use prelude.Prelude
  use Type
  type self   
  type d   
  type c   
  clone Core_Marker_Sized as Sized0 with type self = d
  clone Core_Marker_Sized as Sized1 with type self = c
end
module Trait_UsesCustom
  use Ref
  use mach.int.Int
  use mach.int.Int32
  use mach.int.Int64
  use mach.int.UInt32
  use mach.int.UInt64
  use string.Char
  use floating_point.Single
  use floating_point.Double
  use prelude.Prelude
  use Type
  type a   
  type b   
  type t   
  clone Trait_TraitWParams as TraitWParams3 with type self = t, type d = a, type c = b
  clone Core_Marker_Sized as Sized0 with type self = a
  clone Core_Marker_Sized as Sized1 with type self = b
  clone Core_Marker_Sized as Sized2 with type self = t
  let rec cfg impl (o_t_1 : t) : () = 
  var _0 : ();
  var t_1 : t;
  {
    t_1 <- o_t_1;
    goto BB0
  }
  BB0 {
    _0 <- ();
    goto BB1
  }
  BB1 {
    assume { (fun x -> true) t_1 };
    return _0
  }
  
end
module Core_Cmp_PartialEq
  use Ref
  use mach.int.Int
  use mach.int.Int32
  use mach.int.Int64
  use mach.int.UInt32
  use mach.int.UInt64
  use string.Char
  use floating_point.Single
  use floating_point.Double
  use prelude.Prelude
  use Type
  type self   
  type rhs   
  val eq (self : self) (other : rhs) : bool
  val ne (self : self) (other : rhs) : bool
end
module Core_Cmp_Eq
  use Ref
  use mach.int.Int
  use mach.int.Int32
  use mach.int.Int64
  use mach.int.UInt32
  use mach.int.UInt64
  use string.Char
  use floating_point.Single
  use floating_point.Double
  use prelude.Prelude
  use Type
  type self   
  clone Core_Cmp_PartialEq as PartialEq0 with type self = self, type rhs = self
  val assert_receiver_is_total_eq (self : self) : ()
end
module Core_Cmp_PartialOrd
  use Ref
  use mach.int.Int
  use mach.int.Int32
  use mach.int.Int64
  use mach.int.UInt32
  use mach.int.UInt64
  use string.Char
  use floating_point.Single
  use floating_point.Double
  use prelude.Prelude
  use Type
  type self   
  type rhs   
  clone Core_Cmp_PartialEq as PartialEq0 with type self = self, type rhs = rhs
  val partial_cmp (self : self) (other : rhs) : Type.core_option_option (Type.core_cmp_ordering)
  val lt (self : self) (other : rhs) : bool
  val le (self : self) (other : rhs) : bool
  val gt (self : self) (other : rhs) : bool
  val ge (self : self) (other : rhs) : bool
end
module Core_Cmp_Ord
  use Ref
  use mach.int.Int
  use mach.int.Int32
  use mach.int.Int64
  use mach.int.UInt32
  use mach.int.UInt64
  use string.Char
  use floating_point.Single
  use floating_point.Double
  use prelude.Prelude
  use Type
  type self   
  clone Core_Cmp_Eq as Eq0 with type self = self
  clone Core_Cmp_PartialOrd as PartialOrd1 with type self = self, type rhs = self
  val cmp (self : self) (other : self) : Type.core_cmp_ordering
  val max (self : self) (other : self) : self
  val min (self : self) (other : self) : self
  val clamp (self : self) (min : self) (max : self) : self
end
module Trait_TraitWParams2
  use Ref
  use mach.int.Int
  use mach.int.Int32
  use mach.int.Int64
  use mach.int.UInt32
  use mach.int.UInt64
  use string.Char
  use floating_point.Single
  use floating_point.Double
  use prelude.Prelude
  use Type
  type self   
  type d   
  type c   
  clone Trait_TraitWParams as TraitWParams0 with type self = self, type d = d, type c = c
  clone Core_Marker_Sized as Sized1 with type self = d
  clone Core_Cmp_Ord as Ord2 with type self = d
  clone Core_Marker_Sized as Sized3 with type self = c
end
module Trait_UsesCustom2
  use Ref
  use mach.int.Int
  use mach.int.Int32
  use mach.int.Int64
  use mach.int.UInt32
  use mach.int.UInt64
  use string.Char
  use floating_point.Single
  use floating_point.Double
  use prelude.Prelude
  use Type
  type a   
  type b   
  type t   
  clone Trait_TraitWParams2 as TraitWParams24 with type self = t, type d = a, type c = b
  clone Core_Cmp_Ord as Ord1 with type self = a
  clone Core_Marker_Sized as Sized0 with type self = a
  clone Core_Marker_Sized as Sized2 with type self = b
  clone Core_Marker_Sized as Sized3 with type self = t
  let rec cfg impl (o_t_1 : t) : () = 
  var _0 : ();
  var t_1 : t;
  {
    t_1 <- o_t_1;
    goto BB0
  }
  BB0 {
    _0 <- ();
    goto BB1
  }
  BB1 {
    assume { (fun x -> true) t_1 };
    return _0
  }
  
end
module Trait_Main
  use Ref
  use mach.int.Int
  use mach.int.Int32
  use mach.int.Int64
  use mach.int.UInt32
  use mach.int.UInt64
  use string.Char
  use floating_point.Single
  use floating_point.Double
  use prelude.Prelude
  use Type
  let rec cfg impl () : () = 
  var _0 : ();
  {
    goto BB0
  }
  BB0 {
    _0 <- ();
    return _0
  }
  
end
