module Type
  use Ref
  use mach.int.Int
  use mach.int.Int32
  use mach.int.Int64
  use mach.int.UInt32
  use mach.int.UInt64
  use string.Char
  use floating_point.Single
  use floating_point.Double
  use prelude.Prelude
end
module Trusted_Omg_Interface
  val omg () : ()
end
module Trusted_Omg
  val omg () : ()
end
module Trusted_Omg2_Interface
  use mach.int.Int
  use mach.int.UInt32
  val omg2 () : uint32
    ensures { result = (10 : uint32) }
    
end
module Trusted_Omg2
  use mach.int.Int
  use mach.int.UInt32
  val omg2 () : uint32
    ensures { result = (10 : uint32) }
    
end
