module Type
  use Ref
  use mach.int.Int
  use mach.int.Int32
  use mach.int.Int64
  use mach.int.UInt32
  use mach.int.UInt64
  use string.Char
  use floating_point.Single
  use floating_point.Double
  use prelude.Prelude
  type twomodules_mod1_t  = 
    | TwoModules_Mod1_T_A
    | TwoModules_Mod1_T_B
    | TwoModules_Mod1_T_C
    
  predicate drop_twomodules_mod1_t (self : twomodules_mod1_t) = 
    match (self) with
      | TwoModules_Mod1_T_A -> true
      | TwoModules_Mod1_T_B -> true
      | TwoModules_Mod1_T_C -> true
      end
end
module TwoModules_Mod2_X
  use Ref
  use mach.int.Int
  use mach.int.Int32
  use mach.int.Int64
  use mach.int.UInt32
  use mach.int.UInt64
  use string.Char
  use floating_point.Single
  use floating_point.Double
  use prelude.Prelude
  use Type
  let rec cfg impl (o_t_1 : Type.twomodules_mod1_t) : bool = 
  var _0 : bool;
  var t_1 : Type.twomodules_mod1_t;
  {
    t_1 <- o_t_1;
    goto BB0
  }
  BB0 {
    _0 <- true;
    assume { Type.drop_twomodules_mod1_t t_1 };
    return _0
  }
  
end
module TwoModules_Main
  use Ref
  use mach.int.Int
  use mach.int.Int32
  use mach.int.Int64
  use mach.int.UInt32
  use mach.int.UInt64
  use string.Char
  use floating_point.Single
  use floating_point.Double
  use prelude.Prelude
  use Type
  clone TwoModules_Mod2_X as X0
  let rec cfg impl () : () = 
  var _0 : ();
  var _1 : bool;
  var _2 : Type.twomodules_mod1_t;
  {
    goto BB0
  }
  BB0 {
    _2 <- Type.TwoModules_Mod1_T_B;
    _1 <- X0.impl _2;
    goto BB1
  }
  BB1 {
    assume { Type.drop_twomodules_mod1_t _2 };
    _0 <- ();
    return _0
  }
  
end
