module Type
  use Ref
  use mach.int.Int
  use mach.int.Int32
  use mach.int.Int64
  use mach.int.UInt32
  use mach.int.UInt64
  use string.Char
  use floating_point.Single
  use floating_point.Double
  use prelude.Prelude
end
module CreusotContracts_Builtins_Resolve
  use Ref
  use mach.int.Int
  use mach.int.Int32
  use mach.int.Int64
  use mach.int.UInt32
  use mach.int.UInt64
  use string.Char
  use floating_point.Single
  use floating_point.Double
  use prelude.Prelude
  use Type
  type self   
  predicate resolve (self : self)
end
module CreusotContracts_Builtins_Impl13_Resolve
  use Ref
  use mach.int.Int
  use mach.int.Int32
  use mach.int.Int64
  use mach.int.UInt32
  use mach.int.UInt64
  use string.Char
  use floating_point.Single
  use floating_point.Double
  use prelude.Prelude
  use Type
  type t   
  predicate impl (self : t) = 
    true
end
module CreusotContracts_Builtins_Impl13
  use Ref
  use mach.int.Int
  use mach.int.Int32
  use mach.int.Int64
  use mach.int.UInt32
  use mach.int.UInt64
  use string.Char
  use floating_point.Single
  use floating_point.Double
  use prelude.Prelude
  use Type
  type t   
  clone CreusotContracts_Builtins_Impl13_Resolve as Resolve0 with type t = t
  clone CreusotContracts_Builtins_Resolve with type self = t, predicate resolve = Resolve0.impl
end
module 03_Impl0_F
  use Ref
  use mach.int.Int
  use mach.int.Int32
  use mach.int.Int64
  use mach.int.UInt32
  use mach.int.UInt64
  use string.Char
  use floating_point.Single
  use floating_point.Double
  use prelude.Prelude
  use Type
  clone CreusotContracts_Builtins_Impl13_Resolve as Resolve0 with type t = int32
  let rec cfg impl (o_self_1 : int32) : int32 = 
  var _0 : int32;
  var self_1 : int32;
  {
    self_1 <- o_self_1;
    goto BB0
  }
  BB0 {
    _0 <- (0 : int32);
    assume { Resolve0.impl self_1 };
    return _0
  }
  
end
module 03_Impl1_G
  use Ref
  use mach.int.Int
  use mach.int.Int32
  use mach.int.Int64
  use mach.int.UInt32
  use mach.int.UInt64
  use string.Char
  use floating_point.Single
  use floating_point.Double
  use prelude.Prelude
  use Type
  clone CreusotContracts_Builtins_Impl13_Resolve as Resolve0 with type t = uint32
  let rec cfg impl (o_self_1 : uint32) : uint32
    ensures { result = result }
    
   = 
  var _0 : uint32;
  var self_1 : uint32;
  {
    self_1 <- o_self_1;
    goto BB0
  }
  BB0 {
    _0 <- (1 : uint32);
    assume { Resolve0.impl self_1 };
    return _0
  }
  
end
module Core_Marker_Sized
  use Ref
  use mach.int.Int
  use mach.int.Int32
  use mach.int.Int64
  use mach.int.UInt32
  use mach.int.UInt64
  use string.Char
  use floating_point.Single
  use floating_point.Double
  use prelude.Prelude
  use Type
  type self   
end
module 03_Impl2_H
  use Ref
  use mach.int.Int
  use mach.int.Int32
  use mach.int.Int64
  use mach.int.UInt32
  use mach.int.UInt64
  use string.Char
  use floating_point.Single
  use floating_point.Double
  use prelude.Prelude
  use Type
  type g   
  clone Core_Marker_Sized as Sized1 with type self = g
  clone CreusotContracts_Builtins_Impl13_Resolve as Resolve0 with type t = g
  let rec cfg impl (o_y_1 : g) : g = 
  var _0 : g;
  var y_1 : g;
  {
    y_1 <- o_y_1;
    goto BB0
  }
  BB0 {
    assume { Resolve0.impl _0 };
    _0 <- y_1;
    assume { Resolve0.impl y_1 };
    return _0
  }
  
end
