module Type
  use Ref
  use mach.int.Int
  use mach.int.Int32
  use mach.int.Int64
  use mach.int.UInt32
  use mach.int.UInt64
  use string.Char
  use floating_point.Single
  use floating_point.Double
  use prelude.Prelude
end
module C17ImplRefinement_Tr
  type self   
  use mach.int.Int
  use mach.int.Int32
  use prelude.Prelude
  use mach.int.UInt64
  val my_function (self : self) : usize
    ensures { result >= 10 }
    
end
module CreusotContracts_Builtins_Resolve_Resolve
  type self   
  predicate resolve (self : self)
end
module C17ImplRefinement_Impl0_MyFunction_Interface
  use mach.int.Int
  use mach.int.Int32
  use prelude.Prelude
  use mach.int.UInt64
  val my_function (self : ()) : usize
    requires {true}
    ensures { result >= 15 }
    
end
module C17ImplRefinement_Impl0_MyFunction
  use mach.int.Int
  use mach.int.Int32
  use prelude.Prelude
  use mach.int.UInt64
  clone CreusotContracts_Builtins_Resolve_Resolve as Resolve0 with type self = ()
  let rec cfg my_function (self : ()) : usize
    requires {true}
    ensures { result >= 15 }
    
   = 
  var _0 : usize;
  var self_1 : ();
  {
    self_1 <- self;
    goto BB0
  }
  BB0 {
    assume { Resolve0.resolve self_1 };
    _0 <- (20 : usize);
    return _0
  }
  
end
module C17ImplRefinement_Impl0_Interface
  clone export C17ImplRefinement_Impl0_MyFunction_Interface
  clone export C17ImplRefinement_Tr with type self = (), val my_function = my_function
end
module C17ImplRefinement_Impl0
  clone export C17ImplRefinement_Impl0_MyFunction_Interface
  clone export C17ImplRefinement_Tr with type self = (), val my_function = my_function
end
