warning: support for string types is partial and experimental, expect to encounter limitations.
    --> /home/johannes/.rustup/toolchains/nightly-2022-10-04-x86_64-unknown-linux-gnu/lib/rustlib/src/rust/library/core/src/result.rs:1064:5
     |
1064 | /     pub fn expect(self, msg: &str) -> T
1065 | |     where
1066 | |         E: fmt::Debug,
     | |______________________^

warning: support for string types is partial and experimental, expect to encounter limitations.
  --> result.rs:35:23
   |
35 |     assert!(ok.expect("failed") == 1);
   |                       ^^^^^^^^

warning: 2 warnings emitted

