error[creusot]: called Logic function in Ghost context "prophecy"
  --> 436-1.rs:15:21
   |
15 |     b.g = ghost! { !prophecy(b) };
   |                     ^^^^^^^^

error: aborting due to previous error

