warning: unused import: `std::*`
 --> 07_fuse.rs:3:25
  |
3 | use creusot_contracts::{std::*, *};
  |                         ^^^^^^
  |
  = note: `#[warn(unused_imports)]` on by default

warning: unnecessary parentheses around block return value
  --> 07_fuse.rs:29:9
   |
29 |         (pearlite! { (exists<x :_> (^self).iter == Err(x)) })
   |         ^^^^^^^^^^^^^                                     ^^^
   |
   = note: `#[warn(unused_parens)]` on by default
help: remove these parentheses
   |
29 -         (pearlite! { (exists<x :_> (^self).iter == Err(x)) })
29 +         (exists<x :_> (^self).iter == Err(x))
   |

warning: 2 warnings emitted

