warning: function `builtin_with_contract` is never used
 --> builtin_with_contract.rs:7:4
  |
7 | fn builtin_with_contract() {}
  |    ^^^^^^^^^^^^^^^^^^^^^
  |
  = note: `#[warn(dead_code)]` on by default

error[creusot]: cannot specify both `creusot::builtins` and a contract on the same definition
 --> builtin_with_contract.rs:7:1
  |
7 | fn builtin_with_contract() {}
  | ^^^^^^^^^^^^^^^^^^^^^^^^^^

error: aborting due to previous error; 1 warning emitted

